// Jest Snapshot v1, https://goo.gl/fbAQLP

exports[`snapshot 1`] = `
<div
  aria-expanded={false}
  aria-haspopup="listbox"
  aria-labelledby="downshift-0-label"
  aria-owns={null}
  role="combobox"
>
  <input
    aria-activedescendant={null}
    aria-autocomplete="list"
    aria-controls={null}
    aria-labelledby="downshift-0-label"
    autoComplete="off"
    className=""
    id="downshift-0-input"
    name=""
    onBlur={[Function]}
    onChange={[Function]}
    onKeyDown={[Function]}
    placeholder=""
    value=""
  />
</div>
`;
