// Jest Snapshot v1, https://goo.gl/fbAQLP

exports[`snapshot 1`] = `
<div
  className=" dropdown is-right"
>
  <div
    className="dropdown-trigger"
  >
    <button
      aria-controls="dropdown-menu"
      aria-haspopup="true"
      className="button"
      onClick={[Function]}
    >
      <span>
        menu
      </span>
      <span
        className="icon is-small"
      >
        <i
          aria-hidden="true"
          className="fas fa-bars"
        />
      </span>
    </button>
  </div>
  <div
    className="dropdown-menu"
    id="dropdown-menu"
    role="menu"
  >
    <div
      className="dropdown-content"
    >
      <a
        aria-current="page"
        className="dropdown-item active"
        href="/"
        onClick={[Function]}
        style={Object {}}
      >
        Home
      </a>
      <a
        className="dropdown-item"
        onClick={[Function]}
      >
        Form
      </a>
      <a
        aria-current={null}
        className="dropdown-item"
        href="/list"
        onClick={[Function]}
      >
        List
      </a>
      <a
        className="dropdown-item"
        href="/feed"
      >
        RSS
      </a>
    </div>
  </div>
</div>
`;
