// Jest Snapshot v1, https://goo.gl/fbAQLP

exports[`snapshot 1`] = `
<div
  className="notification is-success http-notify is-shown"
>
  <button
    className="delete"
  />
  <span>
    OK
  </span>
</div>
`;
